WARNING: This is a development server. Do not use it in a production deployment. Use a production WSGI server instead.
 * Running on http://127.0.0.1:5006
Press CTRL+C to quit
C:\Users\zhang\Desktop\DN\experiments\external_baselines\plan_write_revise\.venv-pwr\lib\site-packages\torch\serialization.py:868: SourceChangeWarning: source code of class 'model.RNNModel' has changed. you can retrieve the original source code by accessing the object's source attribute or set `torch.nn.Module.dump_patches = True` and use the patch tool to revert the changes.
  warnings.warn(msg, SourceChangeWarning)
C:\Users\zhang\Desktop\DN\experiments\external_baselines\plan_write_revise\.venv-pwr\lib\site-packages\torch\serialization.py:868: SourceChangeWarning: source code of class 'torch.nn.modules.dropout.Dropout' has changed. you can retrieve the original source code by accessing the object's source attribute or set `torch.nn.Module.dump_patches = True` and use the patch tool to revert the changes.
  warnings.warn(msg, SourceChangeWarning)
C:\Users\zhang\Desktop\DN\experiments\external_baselines\plan_write_revise\.venv-pwr\lib\site-packages\torch\serialization.py:868: SourceChangeWarning: source code of class 'torch.nn.modules.sparse.Embedding' has changed. you can retrieve the original source code by accessing the object's source attribute or set `torch.nn.Module.dump_patches = True` and use the patch tool to revert the changes.
  warnings.warn(msg, SourceChangeWarning)
C:\Users\zhang\Desktop\DN\experiments\external_baselines\plan_write_revise\.venv-pwr\lib\site-packages\torch\serialization.py:868: SourceChangeWarning: source code of class 'torch.nn.modules.container.ModuleList' has changed. you can retrieve the original source code by accessing the object's source attribute or set `torch.nn.Module.dump_patches = True` and use the patch tool to revert the changes.
  warnings.warn(msg, SourceChangeWarning)
C:\Users\zhang\Desktop\DN\experiments\external_baselines\plan_write_revise\.venv-pwr\lib\site-packages\torch\serialization.py:868: SourceChangeWarning: source code of class 'torch.nn.modules.rnn.LSTM' has changed. you can retrieve the original source code by accessing the object's source attribute or set `torch.nn.Module.dump_patches = True` and use the patch tool to revert the changes.
  warnings.warn(msg, SourceChangeWarning)
C:\Users\zhang\Desktop\DN\experiments\external_baselines\plan_write_revise\.venv-pwr\lib\site-packages\torch\serialization.py:868: SourceChangeWarning: source code of class 'torch.nn.modules.dropout.Dropout' has changed. you can retrieve the original source code by accessing the object's source attribute or set `torch.nn.Module.dump_patches = True` and use the patch tool to revert the changes.
  warnings.warn(msg, SourceChangeWarning)
C:\Users\zhang\Desktop\DN\experiments\external_baselines\plan_write_revise\.venv-pwr\lib\site-packages\torch\serialization.py:868: SourceChangeWarning: source code of class 'model.RNNModel' has changed. you can retrieve the original source code by accessing the object's source attribute or set `torch.nn.Module.dump_patches = True` and use the patch tool to revert the changes.
  warnings.warn(msg, SourceChangeWarning)
C:\Users\zhang\Desktop\DN\experiments\external_baselines\plan_write_revise\.venv-pwr\lib\site-packages\torch\serialization.py:868: SourceChangeWarning: source code of class 'torch.nn.modules.linear.Linear' has changed. you can retrieve the original source code by accessing the object's source attribute or set `torch.nn.Module.dump_patches = True` and use the patch tool to revert the changes.
  warnings.warn(msg, SourceChangeWarning)
C:\Users\zhang\Desktop\DN\experiments\external_baselines\plan_write_revise\.venv-pwr\lib\site-packages\torch\serialization.py:868: SourceChangeWarning: source code of class 'torch.nn.modules.sparse.Embedding' has changed. you can retrieve the original source code by accessing the object's source attribute or set `torch.nn.Module.dump_patches = True` and use the patch tool to revert the changes.
  warnings.warn(msg, SourceChangeWarning)
C:\Users\zhang\Desktop\DN\experiments\external_baselines\plan_write_revise\.venv-pwr\lib\site-packages\torch\serialization.py:868: SourceChangeWarning: source code of class 'torch.nn.modules.dropout.Dropout' has changed. you can retrieve the original source code by accessing the object's source attribute or set `torch.nn.Module.dump_patches = True` and use the patch tool to revert the changes.
  warnings.warn(msg, SourceChangeWarning)
C:\Users\zhang\Desktop\DN\experiments\external_baselines\plan_write_revise\.venv-pwr\lib\site-packages\torch\serialization.py:868: SourceChangeWarning: source code of class 'torch.nn.modules.sparse.Embedding' has changed. you can retrieve the original source code by accessing the object's source attribute or set `torch.nn.Module.dump_patches = True` and use the patch tool to revert the changes.
  warnings.warn(msg, SourceChangeWarning)
C:\Users\zhang\Desktop\DN\experiments\external_baselines\plan_write_revise\.venv-pwr\lib\site-packages\torch\serialization.py:868: SourceChangeWarning: source code of class 'torch.nn.modules.container.ModuleList' has changed. you can retrieve the original source code by accessing the object's source attribute or set `torch.nn.Module.dump_patches = True` and use the patch tool to revert the changes.
  warnings.warn(msg, SourceChangeWarning)
C:\Users\zhang\Desktop\DN\experiments\external_baselines\plan_write_revise\.venv-pwr\lib\site-packages\torch\serialization.py:868: SourceChangeWarning: source code of class 'torch.nn.modules.container.ModuleList' has changed. you can retrieve the original source code by accessing the object's source attribute or set `torch.nn.Module.dump_patches = True` and use the patch tool to revert the changes.
  warnings.warn(msg, SourceChangeWarning)
C:\Users\zhang\Desktop\DN\experiments\external_baselines\plan_write_revise\.venv-pwr\lib\site-packages\torch\serialization.py:868: SourceChangeWarning: source code of class 'torch.nn.modules.rnn.LSTM' has changed. you can retrieve the original source code by accessing the object's source attribute or set `torch.nn.Module.dump_patches = True` and use the patch tool to revert the changes.
  warnings.warn(msg, SourceChangeWarning)
C:\Users\zhang\Desktop\DN\experiments\external_baselines\plan_write_revise\.venv-pwr\lib\site-packages\torch\serialization.py:868: SourceChangeWarning: source code of class 'torch.nn.modules.linear.Linear' has changed. you can retrieve the original source code by accessing the object's source attribute or set `torch.nn.Module.dump_patches = True` and use the patch tool to revert the changes.
  warnings.warn(msg, SourceChangeWarning)
C:\Users\zhang\Desktop\DN\experiments\external_baselines\plan_write_revise\.venv-pwr\lib\site-packages\torch\serialization.py:868: SourceChangeWarning: source code of class 'torch.nn.modules.rnn.LSTM' has changed. you can retrieve the original source code by accessing the object's source attribute or set `torch.nn.Module.dump_patches = True` and use the patch tool to revert the changes.
  warnings.warn(msg, SourceChangeWarning)
C:\Users\zhang\Desktop\DN\experiments\external_baselines\plan_write_revise\.venv-pwr\lib\site-packages\torch\serialization.py:868: SourceChangeWarning: source code of class 'torch.nn.modules.linear.Linear' has changed. you can retrieve the original source code by accessing the object's source attribute or set `torch.nn.Module.dump_patches = True` and use the patch tool to revert the changes.
  warnings.warn(msg, SourceChangeWarning)
stdbuf was not found; communication with perl may hang due to stdio buffering.
stdbuf was not found; communication with perl may hang due to stdio buffering.
C:\Users\zhang\Desktop\DN\experiments\external_baselines\plan_write_revise\.venv-pwr\lib\site-packages\torch\serialization.py:868: SourceChangeWarning: source code of class 'torch.nn.modules.conv.Conv1d' has changed. you can retrieve the original source code by accessing the object's source attribute or set `torch.nn.Module.dump_patches = True` and use the patch tool to revert the changes.
  warnings.warn(msg, SourceChangeWarning)
127.0.0.1 - - [26/Apr/2026 16:58:00] "GET / HTTP/1.1" 200 -
127.0.0.1 - - [26/Apr/2026 16:58:25] "GET / HTTP/1.1" 200 -
wordnet does not appear to know about the word: |
couldn't find a substitute for |
picking word: utility with definition: a company that performs a public service; subject to government regulation
subbing utility instead of original realism
wordnet does not appear to know about the word: |
couldn't find a substitute for |
127.0.0.1 - - [26/Apr/2026 16:58:41] "POST /api/generate HTTP/1.1" 200 -
wordnet does not appear to know about the word: 边陲驿站夜谈录
couldn't find a substitute for 边陲驿站夜谈录
wordnet does not appear to know about the word: |
couldn't find a substitute for |
wordnet does not appear to know about the word: 现实边陲叙事
couldn't find a substitute for 现实边陲叙事
wordnet does not appear to know about the word: |
couldn't find a substitute for |
wordnet does not appear to know about the word: 克制、怀旧、微苦
couldn't find a substitute for 克制、怀旧、微苦
127.0.0.1 - - [26/Apr/2026 16:59:18] "POST /api/generate HTTP/1.1" 200 -
wordnet does not appear to know about the word: 边陲驿站夜谈录
couldn't find a substitute for 边陲驿站夜谈录
wordnet does not appear to know about the word: |
couldn't find a substitute for |
wordnet does not appear to know about the word: 现实边陲叙事
couldn't find a substitute for 现实边陲叙事
wordnet does not appear to know about the word: |
couldn't find a substitute for |
wordnet does not appear to know about the word: 克制、怀旧、微苦
couldn't find a substitute for 克制、怀旧、微苦
127.0.0.1 - - [26/Apr/2026 16:59:19] "POST /api/collab_storyline HTTP/1.1" 200 -
wordnet does not appear to know about the word: 边陲驿站夜谈录
couldn't find a substitute for 边陲驿站夜谈录
wordnet does not appear to know about the word: |
couldn't find a substitute for |
wordnet does not appear to know about the word: 现实边陲叙事
couldn't find a substitute for 现实边陲叙事
wordnet does not appear to know about the word: |
couldn't find a substitute for |
wordnet does not appear to know about the word: 克制、怀旧、微苦
couldn't find a substitute for 克制、怀旧、微苦
127.0.0.1 - - [26/Apr/2026 16:59:19] "POST /api/generate_story HTTP/1.1" 200 -
wordnet does not appear to know about the word: 边陲驿站夜谈录
couldn't find a substitute for 边陲驿站夜谈录
wordnet does not appear to know about the word: |
couldn't find a substitute for |
wordnet does not appear to know about the word: 现实边陲叙事
couldn't find a substitute for 现实边陲叙事
wordnet does not appear to know about the word: |
couldn't find a substitute for |
wordnet does not appear to know about the word: 克制、怀旧、微苦
couldn't find a substitute for 克制、怀旧、微苦
127.0.0.1 - - [26/Apr/2026 17:00:04] "POST /api/generate HTTP/1.1" 200 -
wordnet does not appear to know about the word: 边陲驿站夜谈录
couldn't find a substitute for 边陲驿站夜谈录
wordnet does not appear to know about the word: |
couldn't find a substitute for |
wordnet does not appear to know about the word: 现实边陲叙事
couldn't find a substitute for 现实边陲叙事
wordnet does not appear to know about the word: |
couldn't find a substitute for |
wordnet does not appear to know about the word: 克制、怀旧、微苦
couldn't find a substitute for 克制、怀旧、微苦
127.0.0.1 - - [26/Apr/2026 17:00:04] "POST /api/collab_storyline HTTP/1.1" 200 -
wordnet does not appear to know about the word: 边陲驿站夜谈录
couldn't find a substitute for 边陲驿站夜谈录
wordnet does not appear to know about the word: |
couldn't find a substitute for |
wordnet does not appear to know about the word: 现实边陲叙事
couldn't find a substitute for 现实边陲叙事
wordnet does not appear to know about the word: |
couldn't find a substitute for |
wordnet does not appear to know about the word: 克制、怀旧、微苦
couldn't find a substitute for 克制、怀旧、微苦
127.0.0.1 - - [26/Apr/2026 17:00:05] "POST /api/generate_story HTTP/1.1" 200 -
wordnet does not appear to know about the word: 末日温室园丁
couldn't find a substitute for 末日温室园丁
wordnet does not appear to know about the word: |
couldn't find a substitute for |
wordnet does not appear to know about the word: 末日生存
couldn't find a substitute for 末日生存
wordnet does not appear to know about the word: |
couldn't find a substitute for |
wordnet does not appear to know about the word: 压抑、坚韧、低饱和
couldn't find a substitute for 压抑、坚韧、低饱和
127.0.0.1 - - [26/Apr/2026 17:00:06] "POST /api/generate HTTP/1.1" 200 -
wordnet does not appear to know about the word: 末日温室园丁
couldn't find a substitute for 末日温室园丁
wordnet does not appear to know about the word: |
couldn't find a substitute for |
wordnet does not appear to know about the word: 末日生存
couldn't find a substitute for 末日生存
wordnet does not appear to know about the word: |
couldn't find a substitute for |
wordnet does not appear to know about the word: 压抑、坚韧、低饱和
couldn't find a substitute for 压抑、坚韧、低饱和
127.0.0.1 - - [26/Apr/2026 17:00:06] "POST /api/collab_storyline HTTP/1.1" 200 -
wordnet does not appear to know about the word: 末日温室园丁
couldn't find a substitute for 末日温室园丁
wordnet does not appear to know about the word: |
couldn't find a substitute for |
wordnet does not appear to know about the word: 末日生存
couldn't find a substitute for 末日生存
wordnet does not appear to know about the word: |
couldn't find a substitute for |
wordnet does not appear to know about the word: 压抑、坚韧、低饱和
couldn't find a substitute for 压抑、坚韧、低饱和
127.0.0.1 - - [26/Apr/2026 17:00:06] "POST /api/generate_story HTTP/1.1" 200 -
wordnet does not appear to know about the word: 月球矿难七日
couldn't find a substitute for 月球矿难七日
wordnet does not appear to know about the word: |
couldn't find a substitute for |
wordnet does not appear to know about the word: 近未来科幻灾难
couldn't find a substitute for 近未来科幻灾难
wordnet does not appear to know about the word: |
couldn't find a substitute for |
wordnet does not appear to know about the word: 高压、冷峻、技术感
couldn't find a substitute for 高压、冷峻、技术感
127.0.0.1 - - [26/Apr/2026 17:00:07] "POST /api/generate HTTP/1.1" 200 -
wordnet does not appear to know about the word: 月球矿难七日
couldn't find a substitute for 月球矿难七日
wordnet does not appear to know about the word: |
couldn't find a substitute for |
wordnet does not appear to know about the word: 近未来科幻灾难
couldn't find a substitute for 近未来科幻灾难
wordnet does not appear to know about the word: |
couldn't find a substitute for |
wordnet does not appear to know about the word: 高压、冷峻、技术感
couldn't find a substitute for 高压、冷峻、技术感
127.0.0.1 - - [26/Apr/2026 17:00:07] "POST /api/collab_storyline HTTP/1.1" 200 -
wordnet does not appear to know about the word: 月球矿难七日
couldn't find a substitute for 月球矿难七日
wordnet does not appear to know about the word: |
couldn't find a substitute for |
wordnet does not appear to know about the word: 近未来科幻灾难
couldn't find a substitute for 近未来科幻灾难
wordnet does not appear to know about the word: |
couldn't find a substitute for |
wordnet does not appear to know about the word: 高压、冷峻、技术感
couldn't find a substitute for 高压、冷峻、技术感
127.0.0.1 - - [26/Apr/2026 17:00:08] "POST /api/generate_story HTTP/1.1" 200 -
wordnet does not appear to know about the word: 茶肆说书人
couldn't find a substitute for 茶肆说书人
wordnet does not appear to know about the word: |
couldn't find a substitute for |
wordnet does not appear to know about the word: 古风叙事
couldn't find a substitute for 古风叙事
wordnet does not appear to know about the word: |
couldn't find a substitute for |
wordnet does not appear to know about the word: 含蓄、韵味、讲述感
couldn't find a substitute for 含蓄、韵味、讲述感
127.0.0.1 - - [26/Apr/2026 17:00:09] "POST /api/generate HTTP/1.1" 200 -
wordnet does not appear to know about the word: 茶肆说书人
couldn't find a substitute for 茶肆说书人
wordnet does not appear to know about the word: |
couldn't find a substitute for |
wordnet does not appear to know about the word: 古风叙事
couldn't find a substitute for 古风叙事
wordnet does not appear to know about the word: |
couldn't find a substitute for |
wordnet does not appear to know about the word: 含蓄、韵味、讲述感
couldn't find a substitute for 含蓄、韵味、讲述感
127.0.0.1 - - [26/Apr/2026 17:00:09] "POST /api/collab_storyline HTTP/1.1" 200 -
wordnet does not appear to know about the word: 茶肆说书人
couldn't find a substitute for 茶肆说书人
wordnet does not appear to know about the word: |
couldn't find a substitute for |
wordnet does not appear to know about the word: 古风叙事
couldn't find a substitute for 古风叙事
wordnet does not appear to know about the word: |
couldn't find a substitute for |
wordnet does not appear to know about the word: 含蓄、韵味、讲述感
couldn't find a substitute for 含蓄、韵味、讲述感
127.0.0.1 - - [26/Apr/2026 17:00:10] "POST /api/generate_story HTTP/1.1" 200 -
wordnet does not appear to know about the word: 民国电报迷案
couldn't find a substitute for 民国电报迷案
wordnet does not appear to know about the word: |
couldn't find a substitute for |
wordnet does not appear to know about the word: 近代悬疑
couldn't find a substitute for 近代悬疑
wordnet does not appear to know about the word: |
couldn't find a substitute for |
wordnet does not appear to know about the word: 旧时代、微压抑、调查感
couldn't find a substitute for 旧时代、微压抑、调查感
127.0.0.1 - - [26/Apr/2026 17:00:11] "POST /api/generate HTTP/1.1" 200 -
wordnet does not appear to know about the word: 民国电报迷案
couldn't find a substitute for 民国电报迷案
wordnet does not appear to know about the word: |
couldn't find a substitute for |
wordnet does not appear to know about the word: 近代悬疑
couldn't find a substitute for 近代悬疑
wordnet does not appear to know about the word: |
couldn't find a substitute for |
wordnet does not appear to know about the word: 旧时代、微压抑、调查感
couldn't find a substitute for 旧时代、微压抑、调查感
127.0.0.1 - - [26/Apr/2026 17:00:11] "POST /api/collab_storyline HTTP/1.1" 200 -
wordnet does not appear to know about the word: 民国电报迷案
couldn't find a substitute for 民国电报迷案
wordnet does not appear to know about the word: |
couldn't find a substitute for |
wordnet does not appear to know about the word: 近代悬疑
couldn't find a substitute for 近代悬疑
wordnet does not appear to know about the word: |
couldn't find a substitute for |
wordnet does not appear to know about the word: 旧时代、微压抑、调查感
couldn't find a substitute for 旧时代、微压抑、调查感
127.0.0.1 - - [26/Apr/2026 17:00:12] "POST /api/generate_story HTTP/1.1" 200 -
